main.c:165:5:main	16	static
main.c:242:13:MX_ADC1_Init	48	static
main.c:306:13:MX_ADC3_Init	40	static
main.c:362:13:MX_ETH_Init	8	static
main.c:408:13:MX_HDMI_CEC_Init	8	static
main.c:444:13:MX_QUADSPI_Init	8	static
main.c:478:13:MX_RTC_Init	48	static
main.c:530:13:MX_SAI1_Init	8	static
main.c:599:13:MX_SDMMC1_SD_Init	8	static
main.c:631:13:MX_SPDIFRX1_Init	8	static
main.c:669:13:MX_SPI2_Init	8	static
main.c:717:13:MX_SPI5_Init	8	static
main.c:765:13:MX_TIM8_Init	96	static
main.c:835:13:MX_TIM13_Init	24	static
main.c:880:13:MX_UART8_Init	8	static
main.c:928:6:MX_USART1_UART_Init	8	static
main.c:976:13:MX_USB_OTG_HS_PCD_Init	8	static
main.c:1008:6:MX_FMC_Init	40	static
main.c:1059:13:MX_GPIO_Init	56	static
main.c:1085:6:Error_Handler	4	static
